MPLINK 4.49, Linker
Linker Map File - Created Fri Apr 30 18:13:58 2021

                                 Section Info
                  Section       Type    Address   Location Size(Bytes)
                ---------  ---------  ---------  ---------  ---------
                   .org_0       code   0x000000    program   0x00007e
                   .cinit    romdata   0x00003f    program   0x000004
  .config_2007_SEMAFORO.O       code   0x002007    program   0x000002



                              Program Memory Usage 
                               Start         End      
                           ---------   ---------      
                            0x000000    0x000040      
                            0x002007    0x002007      
            66 out of 1094 program addresses used, program memory utilization is 6%



                              Symbols - Sorted by Name
                     Name    Address   Location    Storage File                     
                ---------  ---------  ---------  --------- ---------                
                 EsperarI   0x000009    program     static C:\Users\Mario Luján\Documents\PIC\semaforo\semaforo.asm
                EsperarIA   0x000018    program     static C:\Users\Mario Luján\Documents\PIC\semaforo\semaforo.asm
                EsperarIB   0x000027    program     static C:\Users\Mario Luján\Documents\PIC\semaforo\semaforo.asm
                EsperarIC   0x000036    program     static C:\Users\Mario Luján\Documents\PIC\semaforo\semaforo.asm
                 EsperarJ   0x00000b    program     static C:\Users\Mario Luján\Documents\PIC\semaforo\semaforo.asm
                EsperarJA   0x00001a    program     static C:\Users\Mario Luján\Documents\PIC\semaforo\semaforo.asm
                EsperarJB   0x000029    program     static C:\Users\Mario Luján\Documents\PIC\semaforo\semaforo.asm
                EsperarJC   0x000038    program     static C:\Users\Mario Luján\Documents\PIC\semaforo\semaforo.asm
                 EsperarK   0x00000c    program     static C:\Users\Mario Luján\Documents\PIC\semaforo\semaforo.asm
                EsperarKA   0x00001b    program     static C:\Users\Mario Luján\Documents\PIC\semaforo\semaforo.asm
                EsperarKB   0x00002a    program     static C:\Users\Mario Luján\Documents\PIC\semaforo\semaforo.asm
                EsperarKC   0x000039    program     static C:\Users\Mario Luján\Documents\PIC\semaforo\semaforo.asm
                   Inicio   0x000000    program     static C:\Users\Mario Luján\Documents\PIC\semaforo\semaforo.asm
                Principal   0x000003    program     static C:\Users\Mario Luján\Documents\PIC\semaforo\semaforo.asm



                              Symbols - Sorted by Address
                     Name    Address   Location    Storage File                     
                ---------  ---------  ---------  --------- ---------                
                   Inicio   0x000000    program     static C:\Users\Mario Luján\Documents\PIC\semaforo\semaforo.asm
                Principal   0x000003    program     static C:\Users\Mario Luján\Documents\PIC\semaforo\semaforo.asm
                 EsperarI   0x000009    program     static C:\Users\Mario Luján\Documents\PIC\semaforo\semaforo.asm
                 EsperarJ   0x00000b    program     static C:\Users\Mario Luján\Documents\PIC\semaforo\semaforo.asm
                 EsperarK   0x00000c    program     static C:\Users\Mario Luján\Documents\PIC\semaforo\semaforo.asm
                EsperarIA   0x000018    program     static C:\Users\Mario Luján\Documents\PIC\semaforo\semaforo.asm
                EsperarJA   0x00001a    program     static C:\Users\Mario Luján\Documents\PIC\semaforo\semaforo.asm
                EsperarKA   0x00001b    program     static C:\Users\Mario Luján\Documents\PIC\semaforo\semaforo.asm
                EsperarIB   0x000027    program     static C:\Users\Mario Luján\Documents\PIC\semaforo\semaforo.asm
                EsperarJB   0x000029    program     static C:\Users\Mario Luján\Documents\PIC\semaforo\semaforo.asm
                EsperarKB   0x00002a    program     static C:\Users\Mario Luján\Documents\PIC\semaforo\semaforo.asm
                EsperarIC   0x000036    program     static C:\Users\Mario Luján\Documents\PIC\semaforo\semaforo.asm
                EsperarJC   0x000038    program     static C:\Users\Mario Luján\Documents\PIC\semaforo\semaforo.asm
                EsperarKC   0x000039    program     static C:\Users\Mario Luján\Documents\PIC\semaforo\semaforo.asm


