MPLINK 4.49, Linker
Linker Map File - Created Wed Mar 03 11:22:19 2021

                                 Section Info
                  Section       Type    Address   Location Size(Bytes)
                ---------  ---------  ---------  ---------  ---------
                   .org_0       code   0x000000    program   0x000000
                   .org_1       code   0x000000    program   0x00001a
      .config_2007_SECU.O       code   0x002007    program   0x000002



                              Program Memory Usage 
                               Start         End      
                           ---------   ---------      
                            0x000000    0x00000c      
                            0x002007    0x002007      
            14 out of 1094 program addresses used, program memory utilization is 1%



                              Symbols - Sorted by Name
                     Name    Address   Location    Storage File                     
                ---------  ---------  ---------  --------- ---------                
                    jloop   0x000007    program     static C:\Users\Mario Luján\Documents\PIC\secu\secu.asm
                    kloop   0x000008    program     static C:\Users\Mario Luján\Documents\PIC\secu\secu.asm
                    mloop   0x000004    program     static C:\Users\Mario Luján\Documents\PIC\secu\secu.asm



                              Symbols - Sorted by Address
                     Name    Address   Location    Storage File                     
                ---------  ---------  ---------  --------- ---------                
                    mloop   0x000004    program     static C:\Users\Mario Luján\Documents\PIC\secu\secu.asm
                    jloop   0x000007    program     static C:\Users\Mario Luján\Documents\PIC\secu\secu.asm
                    kloop   0x000008    program     static C:\Users\Mario Luján\Documents\PIC\secu\secu.asm


